D1 after flow_uid dedup: 1248478
/opt/anaconda3/lib/python3.13/site-packages/lightgbm/sklearn.py:1106: LGBMDeprecationWarning: The argument 'eval_set' is deprecated, use 'eval_X' and 'eval_y' instead.
  eval_set = _validate_eval_set_Xy(eval_set=eval_set, eval_X=eval_X, eval_y=eval_y)
Training until validation scores don't improve for 30 rounds
[50]	valid_0's macro_f1: 0.972537
[100]	valid_0's macro_f1: 0.976367
[150]	valid_0's macro_f1: 0.977115
Early stopping, best iteration is:
[125]	valid_0's macro_f1: 0.978137
Evaluated only: macro_f1
seed 42: holdout Macro-F1 = 0.9781 (1077s)
wrote answer.txt/zip from 1 seed(s) (1209s total)
/opt/anaconda3/lib/python3.13/site-packages/lightgbm/sklearn.py:1106: LGBMDeprecationWarning: The argument 'eval_set' is deprecated, use 'eval_X' and 'eval_y' instead.
  eval_set = _validate_eval_set_Xy(eval_set=eval_set, eval_X=eval_X, eval_y=eval_y)
Training until validation scores don't improve for 30 rounds
Early stopping, best iteration is:
[17]	valid_0's macro_f1: 0.973012
Evaluated only: macro_f1
seed 7: holdout Macro-F1 = 0.9730 (1465s)
wrote answer.txt/zip from 2 seed(s) (1470s total)
